// 重构日志: 8840f3f5
// 同步 ID: 058f4a37 @ Sat Jul 18 22:08:53 UTC 2026
// 同步 ID: efe5d097 @ Sun Jul 19 07:24:25 UTC 2026
// 同步 ID: 15706920 @ Wed Jul 22 07:19:20 UTC 2026
// 同步 ID: 79b36883 @ Wed Jul 22 12:12:53 UTC 2026
// 重构日志: 1085b110
// 同步 ID: a1859e71 @ Thu Jul 23 04:43:36 UTC 2026
// 同步 ID: 19a6d497 @ Thu Jul 23 15:42:44 UTC 2026
// 同步 ID: 63f22861 @ Thu Jul 23 18:18:59 UTC 2026
// 重构日志: 94321851
// 重构日志: ba70d39a
// 重构日志: 5ab207b6
// 同步 ID: e64e13da @ Sat Jul 25 00:53:59 UTC 2026
// 重构日志: 2502751a
// 同步 ID: d1acf654 @ Sat Jul 25 12:04:06 UTC 2026
// 重构日志: ffe71545
// 同步 ID: bf31c10e @ Sun Jul 26 01:01:09 UTC 2026
// 同步 ID: 9a77b703 @ Mon Jul 27 12:34:05 UTC 2026
// 同步 ID: 4657cae0 @ Mon Jul 27 18:00:30 UTC 2026
// 同步 ID: 5d20d594 @ Tue Jul 28 06:16:18 UTC 2026
// 重构日志: 974a37a1
// 同步 ID: 07bc5f50 @ Thu Jul 30 00:59:27 UTC 2026
// 同步 ID: c3b63a48 @ Thu Jul 30 13:27:39 UTC 2026
// 同步 ID: b52e4adf @ Fri Jul 31 06:58:37 UTC 2026
// 重构日志: ccd36bd5
// 同步 ID: 4a9a5ba0 @ Mon Aug  3 00:15:26 UTC 2026
// 重构日志: c311b033
// 重构日志: 6c71bb87
// 重构日志: 097ab364
// 同步 ID: d16df39d @ Sat Aug  8 10:16:32 UTC 2026
